// Jest Snapshot v1, https://goo.gl/fbAQLP

exports[`Login test snapshot test 1`] = `
<div>
  <LoginComponent
    onLogin={[Function]}
  />
</div>
`;
