// Jest Snapshot v1, https://goo.gl/fbAQLP

exports[`<Verified> snapshot test 1`] = `
<div>
  인증되었습니다! 다시 로그인해주세요
  <p>
    <Link
      replace={false}
      to="/login"
    >
      로그인하기
    </Link>
  </p>
</div>
`;
