// Jest Snapshot v1, https://goo.gl/fbAQLP

exports[`Streaming veiw test snapshot test 1`] = `
<div
  className="row"
  style={
    Object {
      "height": "100%",
    }
  }
>
  <StreamingPlayerContainer
    streamName="a"
  />
  <Connect(ChattingContainer)
    donationToggle={[Function]}
    room="a"
  />
  <Connect(Donation)
    modal={false}
    streamName="a"
    toggle={[Function]}
  />
</div>
`;
